---
source: tests/test-inputs.rs
expression: stdout
---

