---
source: tests/test-inputs.rs
expression: stderr
---

